
=== Giorno 2025-11-16 ===
Status code fixtures: 200
Partite totali (tutte le competizioni): 799
Partite di campionato (League): 0

=== Giorno 2025-11-17 ===
Status code fixtures: 200
Partite totali (tutte le competizioni): 58
Partite di campionato (League): 0

=== Giorno 2025-11-18 ===
Status code fixtures: 200
Partite totali (tutte le competizioni): 0
Partite di campionato (League): 0

Nessun campionato per 3 giorni consecutivi. Mi fermo qui.

==============================
Totale partite di campionato trovate nei prossimi giorni: 0

==============================
Totale partite di campionato trovate nei prossimi giorni: 0

Elenco partite di campionato ordinate per priorità:

Salvate 0 partite di campionato in league_fixtures.json
Partite di campionato da analizzare (da league_fixtures.json): 0
Nessuna partita di campionato trovata in league_fixtures.json. Esco.
File passed_fixtures_stats.json non trovato. Esegui prima run_stats_on_league_fixtures.py.
Partite con statistiche OK (7/14) da controllare con le quote: 0
File passed_fixtures_stats.json non trovato. Esegui prima run_stats_on_league_fixtures.py.
Partite con statistiche OK (7/14) da controllare con le quote: 0
📊 Metodo 0-0 migliorato – nessuna partita segnalata oggi.
Non ho trovato un riepilogo statistico recente: assicurati di aver eseguito prima il controllo delle partite di campionato.

Criterio statistico usato:
Per ogni partita considero le ultime 7 gare ufficiali di entrambe le squadre (campionato, coppe e amichevoli).
Conto quante di queste 14 gare totali sono finite 0-0 o 1-1.
Una partita passa il filtro solo se almeno 7 su 14 sono 0-0 o 1-1.

In questo giro nessuna partita ha raggiunto questa soglia: per questo non ci sono segnalazioni da proporre e non controllo le quote.
Eccezione nell'invio del messaggio Telegram: HTTPSConnectionPool(host='api.telegram.org', port=443): Max retries exceeded with url: /bot7994641332:AAFNNiYP475qYyWl5AOjR8UPaNmVpME9ZWs/sendMessage (Caused by NameResolutionError("<urllib3.connection.HTTPSConnection object at 0x75dd2eb0>: Failed to resolve 'api.telegram.org' ([Errno -3] Temporary failure in name resolution)"))

=== Giorno 2025-11-17 ===
Status code fixtures: 200
Partite totali (tutte le competizioni): 60
Partite di campionato (League): 0

=== Giorno 2025-11-18 ===
Status code fixtures: 200
Partite totali (tutte le competizioni): 179
Partite di campionato (League): 0

=== Giorno 2025-11-19 ===
Status code fixtures: 200
Partite totali (tutte le competizioni): 0
Partite di campionato (League): 0

Nessun campionato per 3 giorni consecutivi. Mi fermo qui.

==============================
Totale partite di campionato trovate nei prossimi giorni: 0

==============================
Totale partite di campionato trovate nei prossimi giorni: 0

Elenco partite di campionato ordinate per priorità:

Salvate 0 partite di campionato in league_fixtures.json
Partite di campionato da analizzare (da league_fixtures.json): 0
Nessuna partita di campionato trovata in league_fixtures.json. Esco.
File passed_fixtures_stats.json non trovato. Esegui prima run_stats_on_league_fixtures.py.
Partite con statistiche OK (7/14) da controllare con le quote: 0
📊 Metodo 0-0 migliorato
17/11/2025, 09:00

📅 Date analizzate:
da oggi al 19/11/2025
🌍 Campionati coinvolti: nessun campionato di tipo League in questi 3 giorni
🏟 Partite analizzate: 0

*Oggi non ho segnalazioni da darvi, vi chiedo scusa*

=== Giorno 2025-11-18 ===
Status code fixtures: 200
Partite totali (tutte le competizioni): 205
Partite di campionato (League): 0

=== Giorno 2025-11-19 ===
Traceback (most recent call last):
  File "/home/pi/underbot/venv/lib/python3.11/site-packages/urllib3/connection.py", line 198, in _new_conn
    sock = connection.create_connection(
           ^^^^^^^^^^^^^^^^^^^^^^^^^^^^^
  File "/home/pi/underbot/venv/lib/python3.11/site-packages/urllib3/util/connection.py", line 60, in create_connection
    for res in socket.getaddrinfo(host, port, family, socket.SOCK_STREAM):
               ^^^^^^^^^^^^^^^^^^^^^^^^^^^^^^^^^^^^^^^^^^^^^^^^^^^^^^^^^^
  File "/usr/lib/python3.11/socket.py", line 962, in getaddrinfo
    for res in _socket.getaddrinfo(host, port, family, type, proto, flags):
               ^^^^^^^^^^^^^^^^^^^^^^^^^^^^^^^^^^^^^^^^^^^^^^^^^^^^^^^^^^^
socket.gaierror: [Errno -3] Temporary failure in name resolution

The above exception was the direct cause of the following exception:

Traceback (most recent call last):
  File "/home/pi/underbot/venv/lib/python3.11/site-packages/urllib3/connectionpool.py", line 787, in urlopen
    response = self._make_request(
               ^^^^^^^^^^^^^^^^^^^
  File "/home/pi/underbot/venv/lib/python3.11/site-packages/urllib3/connectionpool.py", line 488, in _make_request
    raise new_e
  File "/home/pi/underbot/venv/lib/python3.11/site-packages/urllib3/connectionpool.py", line 464, in _make_request
    self._validate_conn(conn)
  File "/home/pi/underbot/venv/lib/python3.11/site-packages/urllib3/connectionpool.py", line 1093, in _validate_conn
    conn.connect()
  File "/home/pi/underbot/venv/lib/python3.11/site-packages/urllib3/connection.py", line 753, in connect
    self.sock = sock = self._new_conn()
                       ^^^^^^^^^^^^^^^^
  File "/home/pi/underbot/venv/lib/python3.11/site-packages/urllib3/connection.py", line 205, in _new_conn
    raise NameResolutionError(self.host, self, e) from e
urllib3.exceptions.NameResolutionError: <urllib3.connection.HTTPSConnection object at 0x75d2dad0>: Failed to resolve 'v3.football.api-sports.io' ([Errno -3] Temporary failure in name resolution)

The above exception was the direct cause of the following exception:

Traceback (most recent call last):
  File "/home/pi/underbot/venv/lib/python3.11/site-packages/requests/adapters.py", line 644, in send
    resp = conn.urlopen(
           ^^^^^^^^^^^^^
  File "/home/pi/underbot/venv/lib/python3.11/site-packages/urllib3/connectionpool.py", line 841, in urlopen
    retries = retries.increment(
              ^^^^^^^^^^^^^^^^^^
  File "/home/pi/underbot/venv/lib/python3.11/site-packages/urllib3/util/retry.py", line 519, in increment
    raise MaxRetryError(_pool, url, reason) from reason  # type: ignore[arg-type]
    ^^^^^^^^^^^^^^^^^^^^^^^^^^^^^^^^^^^^^^^^^^^^^^^^^^^
urllib3.exceptions.MaxRetryError: HTTPSConnectionPool(host='v3.football.api-sports.io', port=443): Max retries exceeded with url: /fixtures?date=2025-11-19 (Caused by NameResolutionError("<urllib3.connection.HTTPSConnection object at 0x75d2dad0>: Failed to resolve 'v3.football.api-sports.io' ([Errno -3] Temporary failure in name resolution)"))

During handling of the above exception, another exception occurred:

Traceback (most recent call last):
  File "/home/pi/underbot/screen_league_fixtures.py", line 141, in <module>
    main()
  File "/home/pi/underbot/screen_league_fixtures.py", line 66, in main
    resp = requests.get(url, headers=headers, params=params)
           ^^^^^^^^^^^^^^^^^^^^^^^^^^^^^^^^^^^^^^^^^^^^^^^^^
  File "/home/pi/underbot/venv/lib/python3.11/site-packages/requests/api.py", line 73, in get
    return request("get", url, params=params, **kwargs)
           ^^^^^^^^^^^^^^^^^^^^^^^^^^^^^^^^^^^^^^^^^^^^
  File "/home/pi/underbot/venv/lib/python3.11/site-packages/requests/api.py", line 59, in request
    return session.request(method=method, url=url, **kwargs)
           ^^^^^^^^^^^^^^^^^^^^^^^^^^^^^^^^^^^^^^^^^^^^^^^^^
  File "/home/pi/underbot/venv/lib/python3.11/site-packages/requests/sessions.py", line 589, in request
    resp = self.send(prep, **send_kwargs)
           ^^^^^^^^^^^^^^^^^^^^^^^^^^^^^^
  File "/home/pi/underbot/venv/lib/python3.11/site-packages/requests/sessions.py", line 703, in send
    r = adapter.send(request, **kwargs)
        ^^^^^^^^^^^^^^^^^^^^^^^^^^^^^^^
  File "/home/pi/underbot/venv/lib/python3.11/site-packages/requests/adapters.py", line 677, in send
    raise ConnectionError(e, request=request)
requests.exceptions.ConnectionError: HTTPSConnectionPool(host='v3.football.api-sports.io', port=443): Max retries exceeded with url: /fixtures?date=2025-11-19 (Caused by NameResolutionError("<urllib3.connection.HTTPSConnection object at 0x75d2dad0>: Failed to resolve 'v3.football.api-sports.io' ([Errno -3] Temporary failure in name resolution)"))
Partite di campionato da analizzare (da league_fixtures.json): 0
Nessuna partita di campionato trovata in league_fixtures.json. Esco.
File passed_fixtures_stats.json non trovato. Esegui prima run_stats_on_league_fixtures.py.
Partite con statistiche OK (7/14) da controllare con le quote: 0
📊 Metodo 0-0 migliorato
18/11/2025, 09:00

📅 Date analizzate:
da oggi al 24/11/2025
🌍 Nessuna partita di campionato in questi 7 giorni
🏟 Partite analizzate: 0

*Oggi non ho segnalazioni da darvi, vi chiedo scusa*

=== Giorno 2025-11-19 ===
Status code fixtures: 200
Partite totali (tutte le competizioni): 128
Partite di campionato (League): 77

=== Giorno 2025-11-20 ===
Status code fixtures: 200
Partite totali (tutte le competizioni): 76
Partite di campionato (League): 61

=== Giorno 2025-11-21 ===
Status code fixtures: 200
⚠️ Limite piano API-Football: Free plans do not have access to this date, try from 2025-11-18 to 2025-11-20.
Mi fermo qui: il piano free non permette di andare oltre questa data.

==============================
Totale partite di campionato trovate nei prossimi giorni: 138

Elenco partite di campionato ordinate per priorità:

- 2025-11-19T20:00:00+00:00 | Argentina - Reserve League | Gimnasia La Plata Res. vs San Lorenzo Res.
- 2025-11-19T23:00:00+00:00 | Argentina - Reserve League | Boca Juniors Res. vs Instituto Res.
- 2025-11-20T23:00:00+00:00 | Argentina - Reserve League | River Plate Res. vs Huracán Res.
- 2025-11-19T23:00:00+00:00 | Brazil - Paraense A3 | Atletico Paraense vs Gavião
- 2025-11-19T21:00:00+00:00 | Brazil - Serie A | RB Bragantino vs Vitoria
- 2025-11-19T22:30:00+00:00 | Brazil - Serie A | Palmeiras vs Vitoria
- 2025-11-20T00:30:00+00:00 | Brazil - Serie A | Fluminense vs Flamengo
- 2025-11-20T00:30:00+00:00 | Brazil - Serie A | Gremio vs Vasco DA Gama
- 2025-11-20T00:30:00+00:00 | Brazil - Serie A | Santos vs Mirassol
- 2025-11-20T19:00:00+00:00 | Brazil - Serie A | Juventude vs Cruzeiro
- 2025-11-20T21:00:00+00:00 | Brazil - Serie A | Bahia vs Fortaleza EC
- 2025-11-20T22:30:00+00:00 | Brazil - Serie A | Corinthians vs Sao Paulo
- 2025-11-19T22:30:00+00:00 | Brazil - Serie B | Vila Nova vs Volta Redonda
- 2025-11-19T23:00:00+00:00 | Chile - Primera División | Santiago Wanderers vs Cobreloa
- 2025-11-19T23:30:00+00:00 | Colombia - Primera A | Bucaramanga vs Santa Fe
- 2025-11-20T01:30:00+00:00 | Colombia - Primera A | Junior vs Independiente Medellin
- 2025-11-19T20:00:00+00:00 | Colombia - Primera B | Internacional Palmira vs Jaguares
- 2025-11-19T20:00:00+00:00 | Colombia - Primera B | Huila vs Cucuta
- 2025-11-20T20:00:00+00:00 | Colombia - Primera B | Real Soacha vs Popayan
- 2025-11-20T22:10:00+00:00 | Colombia - Primera B | Real Cartagena vs Patriotas
- 2025-11-20T20:00:00+00:00 | Paraguay - Division Profesional - Clausura | Sportivo Trinidense vs Atlético Tembetary
- 2025-11-20T22:30:00+00:00 | Paraguay - Division Profesional - Clausura | Nacional Asuncion vs Sportivo Ameliano
- 2025-11-19T20:00:00+00:00 | Peru - Primera División | Atletico Grau vs Sporting Cristal
- 2025-11-20T13:00:00+00:00 | Algeria - Ligue 1 | Paradou AC vs El Bayadh
- 2025-11-20T18:00:00+00:00 | Algeria - Ligue 1 | MC Oran vs ES Setif
- 2025-11-19T13:00:00+00:00 | Algeria - Ligue 2 | IB Khémis El Khechna vs Khroub
- 2025-11-19T10:30:00+00:00 | Armenia - First League | Araks Ararat vs Syunik
- 2025-11-19T10:30:00+00:00 | Armenia - First League | BKMA II vs Noah II
- 2025-11-19T10:30:00+00:00 | Armenia - First League | Lernayin Artsakh vs Shirak II
- 2025-11-19T10:30:00+00:00 | Armenia - First League | Mika vs Ararat-Armenia II
- 2025-11-19T10:30:00+00:00 | Armenia - First League | Pyunik II vs Banants II
- 2025-11-20T10:30:00+00:00 | Armenia - First League | Sardarapat vs Van II
- 2025-11-20T00:30:00+00:00 | Aruba - Division di Honor | Sporting vs RCA
- 2025-11-20T10:00:00+00:00 | Azerbaijan - Birinci Dasta | Zaqatala vs Şahdağ
- 2025-11-20T10:00:00+00:00 | Azerbaijan - Birinci Dasta | MOIK vs Mingəçevir
- 2025-11-20T10:30:00+00:00 | Azerbaijan - Birinci Dasta | Cəbrayıl vs Şimal
- 2025-11-20T10:00:00+00:00 | Belarus - 1. Division | Dinamo Minsk II vs Lokomotiv Gomel
- 2025-11-20T12:00:00+00:00 | Bosnia - 1st League - RS | Drina Zvornik vs Famos Vojkovići
- 2025-11-19T15:00:00+00:00 | Botswana - Premier League | Galaxy vs Centre Chiefs
- 2025-11-19T15:30:00+00:00 | Burkina-Faso - Ligue 1 | Rahimo vs USFA
- 2025-11-20T15:30:00+00:00 | Burkina-Faso - Ligue 1 | Douanes vs ASFB
- 2025-11-19T11:00:00+00:00 | Cambodia - C-League | NagaWorld vs Phnom Penh Crown
- 2025-11-19T11:00:00+00:00 | Cambodia - C-League | Dangkor Senchey vs Svay Rieng
- 2025-11-19T12:00:00+00:00 | Congo-DR - Ligue 1 | Renaissance vs FC MK
- 2025-11-19T13:00:00+00:00 | Congo-DR - Ligue 1 | AS New Soger vs Groupe Bazano
- 2025-11-19T13:00:00+00:00 | Congo-DR - Ligue 1 | Etoile de Kivu vs Bukavu Dawa
- 2025-11-19T13:00:00+00:00 | Congo-DR - Ligue 1 | Saint-Luc vs Blessing
- 2025-11-19T14:00:00+00:00 | Congo-DR - Ligue 1 | Vita Club vs Rangers
- 2025-11-19T14:00:00+00:00 | Congo-DR - Ligue 1 | Don Bosco vs TP Mazembe
- 2025-11-19T14:00:00+00:00 | Congo-DR - Ligue 1 | Tanganyika vs Saint Eloi Lupopo
- 2025-11-20T13:00:00+00:00 | Congo-DR - Ligue 1 | Sanga Balende vs CS Manika
- 2025-11-20T14:00:00+00:00 | Congo-DR - Ligue 1 | Maniema Union vs Martin Pêcheur
- 2025-11-20T14:00:00+00:00 | Congo-DR - Ligue 1 | JSK vs Motema Pembe
- 2025-11-19T12:30:00+00:00 | Czech-Republic - 3. liga - CFL B | Sokol Zápy vs Velké Hamry
- 2025-11-20T17:30:00+00:00 | Denmark - 1. Division | Hobro vs Hvidovre
- 2025-11-20T12:30:00+00:00 | Egypt - Second League | El Dakhleya vs Olympic El Qanah
- 2025-11-20T12:30:00+00:00 | Egypt - Second League | Aswan Sc vs El Seka El Hadid
- 2025-11-20T12:30:00+00:00 | Egypt - Second League | Raya Ghazl vs Baladiyyat Al Mehalla
- 2025-11-20T12:30:00+00:00 | Egypt - Second League | La Viena FC vs Asyut Petrol
- 2025-11-20T12:30:00+00:00 | Egypt - Second League | Dayrout vs Abu Qair Semad
- 2025-11-20T12:30:00+00:00 | Egypt - Second League | Proxy vs El Entag EL Harby
- 2025-11-20T12:30:00+00:00 | Egypt - Second League | Maleyet Kafr El Zayiat vs Masar
- 2025-11-20T20:00:00+00:00 | England - League One | Peterborough vs Stockport County
- 2025-11-19T13:00:00+00:00 | Eswatini - Premier League | Malanti Chiefs vs Nsingizini Hotspurs
- 2025-11-19T13:00:00+00:00 | Eswatini - Premier League | Tabankulu vs Young Buffaloes
- 2025-11-19T14:00:00+00:00 | Eswatini - Premier League | Ezulwini United vs Royal Leopards
- 2025-11-20T12:00:00+00:00 | Ethiopia - Premier League | Sidama Bunna vs Mekelle Kenema
- 2025-11-20T13:00:00+00:00 | Ethiopia - Premier League | Negelle Arsi vs Adama Kenema
- 2025-11-19T16:00:00+00:00 | France - Feminine Division 1 | Strasbourg W vs Saint-Étienne W
- 2025-11-20T10:00:00+00:00 | Georgia - Liga 3 | Odishi 1919 vs Merani Tbilisi
- 2025-11-20T10:00:00+00:00 | Georgia - Liga 3 | Gori vs Betlemi
- 2025-11-20T10:00:00+00:00 | Georgia - Liga 3 | Kolkheti Khobi vs Gardabani
- 2025-11-20T10:00:00+00:00 | Georgia - Liga 3 | WIT Georgia vs Varketili
- 2025-11-20T10:00:00+00:00 | Georgia - Liga 3 | Margveti 2006 vs Didube 2014
- 2025-11-20T10:30:00+00:00 | Georgia - Liga 3 | Irao vs Lokomotivi Tbilisi II
- 2025-11-20T16:00:00+00:00 | Georgia - Liga 3 | Shturmi vs Borjomi
- 2025-11-19T18:30:00+00:00 | Germany - Oberliga - Hessen | Eintracht Stadtallendorf vs Weidenhausen
- 2025-11-19T18:30:00+00:00 | Germany - Oberliga - Nordost-Nord | Tennis Borussia vs Hansa Rostock II
- 2025-11-19T15:00:00+00:00 | Ghana - Premier League | Asante Kotoko vs Young Apostles
- 2025-11-20T08:30:00+00:00 | Indonesia - Liga 1 | Persijap vs Semen Padang
- 2025-11-20T12:00:00+00:00 | Indonesia - Liga 1 | Persija vs Persik Kediri
- 2025-11-19T08:30:00+00:00 | Indonesia - Liga 2 | Persekat vs Garudayaksa
- 2025-11-19T08:30:00+00:00 | Indonesia - Liga 2 | Sriwijaya FC vs Persikad Depok FC
- 2025-11-19T12:00:00+00:00 | Indonesia - Liga 2 | PSMS Medan vs PSPS
- 2025-11-20T14:00:00+00:00 | Iraq - Iraqi League | Al Shorta vs Al Karkh
- 2025-11-19T15:30:00+00:00 | Ivory-Coast - Ligue 1 | ES Agboville vs Stade d'Abidjan
- 2025-11-19T10:00:00+00:00 | Kenya - FKF Premier League | APS Bomet vs Ulinzi Stars
- 2025-11-20T16:00:00+00:00 | Latvia - Virsliga | Grobiņa vs JDFS Alberts
- 2025-11-20T17:00:00+00:00 | Lithuania - 1 Lyga | Sveikata vs FA Šiauliai II
- 2025-11-19T12:30:00+00:00 | Malawi - Super League | Creck vs Karonga United
- 2025-11-19T12:30:00+00:00 | Malawi - Super League | Mighty Tigers vs Kamuzu Barracks
- 2025-11-19T12:30:00+00:00 | Malawi - Super League | Songwe Border United vs Ekwendeni Hammers
- 2025-11-19T12:30:00+00:00 | Malawi - Super League | MAFCO vs Blue Eagles
- 2025-11-19T16:15:00+00:00 | Mauritania - Premier League | Chemal vs Gendrim
- 2025-11-19T16:15:00+00:00 | Mauritania - Premier League | Nouadhibou vs Kaédi
- 2025-11-19T16:15:00+00:00 | Mauritania - Premier League | SNIM vs Ksar
- 2025-11-20T16:15:00+00:00 | Mauritania - Premier League | Pompiers vs AC Douane
- 2025-11-19T15:00:00+00:00 | Mexico - Liga MX U21 | Guadalajara Chivas U21 vs Tigres UANL U21
- 2025-11-19T15:00:00+00:00 | Mexico - Liga MX U21 | Toluca U21 vs Cruz Azul U21
- 2025-11-19T15:00:00+00:00 | Mexico - Liga MX U21 | UNAM Pumas U21 vs Pachuca U21
- 2025-11-19T16:00:00+00:00 | Mexico - Liga MX U21 | Juarez U21 vs Santos Laguna U21
- 2025-11-20T02:00:00+00:00 | Mexico - Liga de Expansión MX | Monarcas vs Irapuato
- 2025-11-19T15:00:00+00:00 | Nigeria - NPFL | Remo Stars vs Kano Pillars
- 2025-11-19T15:00:00+00:00 | Nigeria - NPFL | Barau FC vs Rivers United
- 2025-11-19T17:00:00+00:00 | Norway - Toppserien | Åsane W vs Røa W
- 2025-11-19T15:00:00+00:00 | Poland - Ekstraliga Women | GKS Katowice W vs Pogon Tczew W
- 2025-11-19T15:00:00+00:00 | Portugal - Liga Revelação U23 | Farense U23 vs Estrela U23
- 2025-11-20T17:30:00+00:00 | Romania - Liga II | Concordia vs Bihor Oradea
- 2025-11-19T20:00:00+00:00 | Scotland - Football League - Highland League | Lossiemouth vs Nairn County
- 2025-11-19T20:00:00+00:00 | Scotland - Football League - Highland League | Brora Rangers vs Clachnacuddin
- 2025-11-19T20:00:00+00:00 | Scotland - Football League - Highland League | Forres Mechanics vs Deveronvale
- 2025-11-19T20:00:00+00:00 | Scotland - Football League - Highland League | Brechin vs Keith
- 2025-11-19T20:00:00+00:00 | Scotland - Football League - Highland League | Buckie Thistle vs Turriff United
- 2025-11-19T17:30:00+00:00 | Slovakia - I Liga - Women | Slovan Bratislava W vs Spartak Myjava W
- 2025-11-19T16:00:00+00:00 | Spain - Segunda División RFEF - Group 5 | CD Coria vs Orihuela
- 2025-11-19T19:30:00+00:00 | Spain - Tercera División RFEF - Group 3 | Revilla vs Colindres
- 2025-11-20T18:00:00+00:00 | Sweden - Damallsvenskan | KIF Örebro vs Brommapojkarna W
- 2025-11-20T18:00:00+00:00 | Sweden - Superettan | Hammarby Talang vs Orebro SK
- 2025-11-20T18:00:00+00:00 | Sweden - Superettan | Norrby IF vs Utsikten
- 2025-11-19T19:00:00+00:00 | Switzerland - 1. Liga Classic - Group 1 | La Sarraz-Eclépens vs Sion II
- 2025-11-19T19:30:00+00:00 | Switzerland - 1. Liga Classic - Group 1 | Portalban / Gletterens vs Chênois
- 2025-11-19T21:00:00+00:00 | Trinidad-And-Tobago - Pro League | San Juan Jabloteh vs Phoenix
- 2025-11-19T21:00:00+00:00 | Trinidad-And-Tobago - Pro League | Ath­let­ic Club vs Police
- 2025-11-19T21:00:00+00:00 | Trinidad-And-Tobago - Pro League | Cunupia vs Prison Service
- 2025-11-19T21:00:00+00:00 | Trinidad-And-Tobago - Pro League | La Horquetta Rangers vs Club Sando
- 2025-11-19T21:00:00+00:00 | Trinidad-And-Tobago - Pro League | Central vs Morvant Caledonia United
- 2025-11-19T21:00:00+00:00 | Trinidad-And-Tobago - Pro League | Defence Force vs Point Fortin
- 2025-11-19T13:00:00+00:00 | Uganda - Premier League | Calvary vs UPDF
- 2025-11-19T13:00:00+00:00 | Uganda - Premier League | Entebbe UPPC vs Police
- 2025-11-20T13:00:00+00:00 | Uganda - Premier League | Kitara vs BUL
- 2025-11-20T13:00:00+00:00 | Uganda - Premier League | Lugazi vs Express
- 2025-11-20T17:00:00+00:00 | Uganda - Premier League | SC Villa vs NEC
- 2025-11-20T10:00:00+00:00 | Ukraine - U19 League | SK Poltava U19 vs LNZ Cherkasy U19
- 2025-11-20T15:30:00+00:00 | United-Arab-Emirates - Pro League | Khorfakkan vs Shabab Al Ahli Dubai
- 2025-11-19T11:00:00+00:00 | Uzbekistan - Super League | Shortan vs Buxoro
- 2025-11-20T11:00:00+00:00 | Uzbekistan - Super League | Surkhon vs Olmaliq
- 2025-11-20T13:15:00+00:00 | Uzbekistan - Super League | Pakhtakor vs Nasaf
- 2025-11-19T19:30:00+00:00 | Wales - FAW Championship | Caerau (Ely) vs Trefelin

Salvate 138 partite di campionato in league_fixtures.json
Partite di campionato da analizzare (da league_fixtures.json): 138
Partite già presenti nel registro: 156
Pulizia registro: rimossi 0 elementi vecchi, rimasti 156.
⚪ Fixture 1486329 già analizzata: Gimnasia La Plata Res. vs San Lorenzo Res. (totale 0 su 14, passa=False)
⚪ Fixture 1486330 già analizzata: Boca Juniors Res. vs Instituto Res. (totale 0 su 14, passa=False)

🔍 Analizzo fixture id 1486331...
Partita: River Plate Res. vs Huracán Res.
Home team id: 18695, Away team id: 18688

Recupero ultime 7 partite del River Plate Res....
⚠️ Limite piano API-Football (team 18695, season 2025): Free plans do not have access to this season, try from 2021 to 2023.
Trovate 0 partite.
Recupero ultime 7 partite del Huracán Res....
⚠️ Limite piano API-Football (team 18688, season 2025): Free plans do not have access to this season, try from 2021 to 2023.
Trovate 0 partite.

River Plate Res.: 0 partite 0–0 o 1–1 su 0
Huracán Res.: 0 partite 0–0 o 1–1 su 0
Totale: 0 su 0
❌ La partita NON passa la regola 7 su 14.
⚪ Fixture 1486285 già analizzata: Atletico Paraense vs Gavião (totale 0 su 14, passa=False)
⚪ Fixture 1478010 già analizzata: RB Bragantino vs Vitoria (totale 0 su 0, passa=False)
⚪ Fixture 1478044 già analizzata: Palmeiras vs Vitoria (totale 0 su 0, passa=False)

🔍 Analizzo fixture id 1478013...
Partita: Fluminense vs Flamengo
Home team id: 124, Away team id: 127

Recupero ultime 7 partite del Fluminense...
⚠️ Limite piano API-Football (team 124, season 2025): Free plans do not have access to this season, try from 2021 to 2023.
Trovate 0 partite.
Recupero ultime 7 partite del Flamengo...
⚠️ Limite piano API-Football (team 127, season 2025): Free plans do not have access to this season, try from 2021 to 2023.
Trovate 0 partite.

Fluminense: 0 partite 0–0 o 1–1 su 0
Flamengo: 0 partite 0–0 o 1–1 su 0
Totale: 0 su 0
❌ La partita NON passa la regola 7 su 14.

🔍 Analizzo fixture id 1478014...
Partita: Gremio vs Vasco DA Gama
Home team id: 130, Away team id: 133

Recupero ultime 7 partite del Gremio...
⚠️ Limite piano API-Football (team 130, season 2025): Free plans do not have access to this season, try from 2021 to 2023.
Trovate 0 partite.
Recupero ultime 7 partite del Vasco DA Gama...
⚠️ Limite piano API-Football (team 133, season 2025): Free plans do not have access to this season, try from 2021 to 2023.
Trovate 0 partite.

Gremio: 0 partite 0–0 o 1–1 su 0
Vasco DA Gama: 0 partite 0–0 o 1–1 su 0
Totale: 0 su 0
❌ La partita NON passa la regola 7 su 14.

🔍 Analizzo fixture id 1478016...
Partita: Santos vs Mirassol
Home team id: 128, Away team id: 7848

Recupero ultime 7 partite del Santos...
⚠️ Limite piano API-Football (team 128, season 2025): Free plans do not have access to this season, try from 2021 to 2023.
Trovate 0 partite.
Recupero ultime 7 partite del Mirassol...
⚠️ Limite piano API-Football (team 7848, season 2025): Free plans do not have access to this season, try from 2021 to 2023.
Trovate 0 partite.

Santos: 0 partite 0–0 o 1–1 su 0
Mirassol: 0 partite 0–0 o 1–1 su 0
Totale: 0 su 0
❌ La partita NON passa la regola 7 su 14.

🔍 Analizzo fixture id 1478015...
Partita: Juventude vs Cruzeiro
Home team id: 152, Away team id: 135

Recupero ultime 7 partite del Juventude...
⚠️ Limite piano API-Football (team 152, season 2025): Free plans do not have access to this season, try from 2021 to 2023.
Trovate 0 partite.
Recupero ultime 7 partite del Cruzeiro...
⚠️ Limite piano API-Football (team 135, season 2025): Free plans do not have access to this season, try from 2021 to 2023.
Trovate 0 partite.

Juventude: 0 partite 0–0 o 1–1 su 0
Cruzeiro: 0 partite 0–0 o 1–1 su 0
Totale: 0 su 0
❌ La partita NON passa la regola 7 su 14.

🔍 Analizzo fixture id 1478008...
Partita: Bahia vs Fortaleza EC
Home team id: 118, Away team id: 154

Recupero ultime 7 partite del Bahia...
⚠️ Limite piano API-Football (team 118, season 2025): Free plans do not have access to this season, try from 2021 to 2023.
Trovate 0 partite.
Recupero ultime 7 partite del Fortaleza EC...
⚠️ Limite piano API-Football (team 154, season 2025): Free plans do not have access to this season, try from 2021 to 2023.
Trovate 0 partite.

Bahia: 0 partite 0–0 o 1–1 su 0
Fortaleza EC: 0 partite 0–0 o 1–1 su 0
Totale: 0 su 0
❌ La partita NON passa la regola 7 su 14.

🔍 Analizzo fixture id 1478012...
Partita: Corinthians vs Sao Paulo
Home team id: 131, Away team id: 126

Recupero ultime 7 partite del Corinthians...
⚠️ Limite piano API-Football (team 131, season 2025): Free plans do not have access to this season, try from 2021 to 2023.
Trovate 0 partite.
Recupero ultime 7 partite del Sao Paulo...
⚠️ Limite piano API-Football (team 126, season 2025): Free plans do not have access to this season, try from 2021 to 2023.
Trovate 0 partite.

Corinthians: 0 partite 0–0 o 1–1 su 0
Sao Paulo: 0 partite 0–0 o 1–1 su 0
Totale: 0 su 0
❌ La partita NON passa la regola 7 su 14.
⚪ Fixture 1353631 già analizzata: Vila Nova vs Volta Redonda (totale 0 su 0, passa=False)
⚪ Fixture 1486077 già analizzata: Santiago Wanderers vs Cobreloa (totale 0 su 0, passa=False)
⚪ Fixture 1486339 già analizzata: Bucaramanga vs Santa Fe (totale 0 su 0, passa=False)

🔍 Analizzo fixture id 1486340...
Partita: Junior vs Independiente Medellin
Home team id: 1135, Away team id: 1128

Recupero ultime 7 partite del Junior...
⚠️ Limite piano API-Football (team 1135, season 2025): Free plans do not have access to this season, try from 2021 to 2023.
Trovate 0 partite.
Recupero ultime 7 partite del Independiente Medellin...
⚠️ Limite piano API-Football (team 1128, season 2025): Free plans do not have access to this season, try from 2021 to 2023.
Trovate 0 partite.

Junior: 0 partite 0–0 o 1–1 su 0
Independiente Medellin: 0 partite 0–0 o 1–1 su 0
Totale: 0 su 0
❌ La partita NON passa la regola 7 su 14.
⚪ Fixture 1486730 già analizzata: Internacional Palmira vs Jaguares (totale 0 su 0, passa=False)
⚪ Fixture 1486731 già analizzata: Huila vs Cucuta (totale 0 su 0, passa=False)

🔍 Analizzo fixture id 1486732...
Partita: Real Soacha vs Popayan
Home team id: 22099, Away team id: 1460

Recupero ultime 7 partite del Real Soacha...
⚠️ Limite piano API-Football (team 22099, season 2025): Free plans do not have access to this season, try from 2021 to 2023.
Trovate 0 partite.
Recupero ultime 7 partite del Popayan...
⚠️ Limite piano API-Football (team 1460, season 2025): Free plans do not have access to this season, try from 2021 to 2023.
Trovate 0 partite.

Real Soacha: 0 partite 0–0 o 1–1 su 0
Popayan: 0 partite 0–0 o 1–1 su 0
Totale: 0 su 0
❌ La partita NON passa la regola 7 su 14.

🔍 Analizzo fixture id 1486733...
Partita: Real Cartagena vs Patriotas
Home team id: 1459, Away team id: 1140

Recupero ultime 7 partite del Real Cartagena...
⚠️ Limite piano API-Football (team 1459, season 2025): Free plans do not have access to this season, try from 2021 to 2023.
Trovate 0 partite.
Recupero ultime 7 partite del Patriotas...
⚠️ Limite piano API-Football (team 1140, season 2025): Free plans do not have access to this season, try from 2021 to 2023.
Trovate 0 partite.

Real Cartagena: 0 partite 0–0 o 1–1 su 0
Patriotas: 0 partite 0–0 o 1–1 su 0
Totale: 0 su 0
❌ La partita NON passa la regola 7 su 14.

🔍 Analizzo fixture id 1396933...
Partita: Sportivo Trinidense vs Atlético Tembetary
Home team id: 1187, Away team id: 10474

Recupero ultime 7 partite del Sportivo Trinidense...
⚠️ Limite piano API-Football (team 1187, season 2025): Free plans do not have access to this season, try from 2021 to 2023.
Trovate 0 partite.
Recupero ultime 7 partite del Atlético Tembetary...
⚠️ Limite piano API-Football (team 10474, season 2025): Free plans do not have access to this season, try from 2021 to 2023.
Trovate 0 partite.

Sportivo Trinidense: 0 partite 0–0 o 1–1 su 0
Atlético Tembetary: 0 partite 0–0 o 1–1 su 0
Totale: 0 su 0
❌ La partita NON passa la regola 7 su 14.

🔍 Analizzo fixture id 1396929...
Partita: Nacional Asuncion vs Sportivo Ameliano
Home team id: 1175, Away team id: 10487

Recupero ultime 7 partite del Nacional Asuncion...
⚠️ Limite piano API-Football (team 1175, season 2025): Free plans do not have access to this season, try from 2021 to 2023.
Trovate 0 partite.
Recupero ultime 7 partite del Sportivo Ameliano...
⚠️ Limite piano API-Football (team 10487, season 2025): Free plans do not have access to this season, try from 2021 to 2023.
Trovate 0 partite.

Nacional Asuncion: 0 partite 0–0 o 1–1 su 0
Sportivo Ameliano: 0 partite 0–0 o 1–1 su 0
Totale: 0 su 0
❌ La partita NON passa la regola 7 su 14.
⚪ Fixture 1486103 già analizzata: Atletico Grau vs Sporting Cristal (totale 0 su 0, passa=False)

🔍 Analizzo fixture id 1422776...
Partita: Paradou AC vs El Bayadh
Home team id: 915, Away team id: 10743

Recupero ultime 7 partite del Paradou AC...
⚠️ Limite piano API-Football (team 915, season 2025): Free plans do not have access to this season, try from 2021 to 2023.
Trovate 0 partite.
Recupero ultime 7 partite del El Bayadh...
⚠️ Limite piano API-Football (team 10743, season 2025): Free plans do not have access to this season, try from 2021 to 2023.
Trovate 0 partite.

Paradou AC: 0 partite 0–0 o 1–1 su 0
El Bayadh: 0 partite 0–0 o 1–1 su 0
Totale: 0 su 0
❌ La partita NON passa la regola 7 su 14.

🔍 Analizzo fixture id 1422773...
Partita: MC Oran vs ES Setif
Home team id: 907, Away team id: 905

Recupero ultime 7 partite del MC Oran...
⚠️ Limite piano API-Football (team 907, season 2025): Free plans do not have access to this season, try from 2021 to 2023.
Trovate 0 partite.
Recupero ultime 7 partite del ES Setif...
⚠️ Limite piano API-Football (team 905, season 2025): Free plans do not have access to this season, try from 2021 to 2023.
Trovate 0 partite.

MC Oran: 0 partite 0–0 o 1–1 su 0
ES Setif: 0 partite 0–0 o 1–1 su 0
Totale: 0 su 0
❌ La partita NON passa la regola 7 su 14.
⚪ Fixture 1485767 già analizzata: IB Khémis El Khechna vs Khroub (totale 0 su 0, passa=False)
⚪ Fixture 1482724 già analizzata: Araks Ararat vs Syunik (totale 0 su 0, passa=False)
⚪ Fixture 1482725 già analizzata: BKMA II vs Noah II (totale 0 su 14, passa=False)
⚪ Fixture 1482726 già analizzata: Lernayin Artsakh vs Shirak II (totale 0 su 14, passa=False)
⚪ Fixture 1482727 già analizzata: Mika vs Ararat-Armenia II (totale 0 su 14, passa=False)
⚪ Fixture 1482728 già analizzata: Pyunik II vs Banants II (totale 0 su 14, passa=False)

🔍 Analizzo fixture id 1482723...
Partita: Sardarapat vs Van II
Home team id: 26198, Away team id: 26199

Recupero ultime 7 partite del Sardarapat...
⚠️ Limite piano API-Football (team 26198, season 2025): Free plans do not have access to this season, try from 2021 to 2023.
Trovate 0 partite.
Recupero ultime 7 partite del Van II...
⚠️ Limite piano API-Football (team 26199, season 2025): Free plans do not have access to this season, try from 2021 to 2023.
Trovate 0 partite.

Sardarapat: 0 partite 0–0 o 1–1 su 0
Van II: 0 partite 0–0 o 1–1 su 0
Totale: 0 su 0
❌ La partita NON passa la regola 7 su 14.

🔍 Analizzo fixture id 1482958...
Partita: Sporting vs RCA
Home team id: 26895, Away team id: 8240

Recupero ultime 7 partite del Sporting...
⚠️ Limite piano API-Football (team 26895, season 2025): Free plans do not have access to this season, try from 2021 to 2023.
Trovate 0 partite.
Recupero ultime 7 partite del RCA...
⚠️ Limite piano API-Football (team 8240, season 2025): Free plans do not have access to this season, try from 2021 to 2023.
Trovate 0 partite.

Sporting: 0 partite 0–0 o 1–1 su 0
RCA: 0 partite 0–0 o 1–1 su 0
Totale: 0 su 0
❌ La partita NON passa la regola 7 su 14.

🔍 Analizzo fixture id 1466885...
Partita: Zaqatala vs Şahdağ
Home team id: 5500, Away team id: 5576

Recupero ultime 7 partite del Zaqatala...
⚠️ Limite piano API-Football (team 5500, season 2025): Free plans do not have access to this season, try from 2021 to 2023.
Trovate 0 partite.
Recupero ultime 7 partite del Şahdağ...
⚠️ Limite piano API-Football (team 5576, season 2025): Free plans do not have access to this season, try from 2021 to 2023.
Trovate 0 partite.

Zaqatala: 0 partite 0–0 o 1–1 su 0
Şahdağ: 0 partite 0–0 o 1–1 su 0
Totale: 0 su 0
❌ La partita NON passa la regola 7 su 14.

🔍 Analizzo fixture id 1466887...
Partita: MOIK vs Mingəçevir
Home team id: 5492, Away team id: 5573

Recupero ultime 7 partite del MOIK...
⚠️ Limite piano API-Football (team 5492, season 2025): Free plans do not have access to this season, try from 2021 to 2023.
Trovate 0 partite.
Recupero ultime 7 partite del Mingəçevir...
⚠️ Limite piano API-Football (team 5573, season 2025): Free plans do not have access to this season, try from 2021 to 2023.
Trovate 0 partite.

MOIK: 0 partite 0–0 o 1–1 su 0
Mingəçevir: 0 partite 0–0 o 1–1 su 0
Totale: 0 su 0
❌ La partita NON passa la regola 7 su 14.

🔍 Analizzo fixture id 1466886...
Partita: Cəbrayıl vs Şimal
Home team id: 22789, Away team id: 25273

Recupero ultime 7 partite del Cəbrayıl...
⚠️ Limite piano API-Football (team 22789, season 2025): Free plans do not have access to this season, try from 2021 to 2023.
Trovate 0 partite.
Recupero ultime 7 partite del Şimal...
⚠️ Limite piano API-Football (team 25273, season 2025): Free plans do not have access to this season, try from 2021 to 2023.
Trovate 0 partite.

Cəbrayıl: 0 partite 0–0 o 1–1 su 0
Şimal: 0 partite 0–0 o 1–1 su 0
Totale: 0 su 0
❌ La partita NON passa la regola 7 su 14.

🔍 Analizzo fixture id 1378573...
Partita: Dinamo Minsk II vs Lokomotiv Gomel
Home team id: 11266, Away team id: 3388

Recupero ultime 7 partite del Dinamo Minsk II...
⚠️ Limite piano API-Football (team 11266, season 2025): Free plans do not have access to this season, try from 2021 to 2023.
Trovate 0 partite.
Recupero ultime 7 partite del Lokomotiv Gomel...
⚠️ Limite piano API-Football (team 3388, season 2025): Free plans do not have access to this season, try from 2021 to 2023.
Trovate 0 partite.

Dinamo Minsk II: 0 partite 0–0 o 1–1 su 0
Lokomotiv Gomel: 0 partite 0–0 o 1–1 su 0
Totale: 0 su 0
❌ La partita NON passa la regola 7 su 14.

🔍 Analizzo fixture id 1436589...
Partita: Drina Zvornik vs Famos Vojkovići
Home team id: 4291, Away team id: 19561

Recupero ultime 7 partite del Drina Zvornik...
⚠️ Limite piano API-Football (team 4291, season 2025): Free plans do not have access to this season, try from 2021 to 2023.
Trovate 0 partite.
Recupero ultime 7 partite del Famos Vojkovići...
⚠️ Limite piano API-Football (team 19561, season 2025): Free plans do not have access to this season, try from 2021 to 2023.
Trovate 0 partite.

Drina Zvornik: 0 partite 0–0 o 1–1 su 0
Famos Vojkovići: 0 partite 0–0 o 1–1 su 0
Totale: 0 su 0
❌ La partita NON passa la regola 7 su 14.

🔍 Analizzo fixture id 1475027...
Partita: Galaxy vs Centre Chiefs
Home team id: 5422, Away team id: 5419

Recupero ultime 7 partite del Galaxy...
⚠️ Limite piano API-Football (team 5422, season 2025): Free plans do not have access to this season, try from 2021 to 2023.
Trovate 0 partite.
Recupero ultime 7 partite del Centre Chiefs...
⚠️ Limite piano API-Football (team 5419, season 2025): Free plans do not have access to this season, try from 2021 to 2023.
Trovate 0 partite.

Galaxy: 0 partite 0–0 o 1–1 su 0
Centre Chiefs: 0 partite 0–0 o 1–1 su 0
Totale: 0 su 0
❌ La partita NON passa la regola 7 su 14.
⚪ Fixture 1469321 già analizzata: Rahimo vs USFA (totale 0 su 0, passa=False)

🔍 Analizzo fixture id 1469368...
Partita: Douanes vs ASFB
Home team id: 13978, Away team id: 8564

Recupero ultime 7 partite del Douanes...
⚠️ Limite piano API-Football (team 13978, season 2025): Free plans do not have access to this season, try from 2021 to 2023.
Trovate 0 partite.
Recupero ultime 7 partite del ASFB...
⚠️ Limite piano API-Football (team 8564, season 2025): Free plans do not have access to this season, try from 2021 to 2023.
Trovate 0 partite.

Douanes: 0 partite 0–0 o 1–1 su 0
ASFB: 0 partite 0–0 o 1–1 su 0
Totale: 0 su 0
❌ La partita NON passa la regola 7 su 14.
⚪ Fixture 1429183 già analizzata: NagaWorld vs Phnom Penh Crown (totale 0 su 0, passa=False)
⚪ Fixture 1430641 già analizzata: Dangkor Senchey vs Svay Rieng (totale 0 su 0, passa=False)
⚪ Fixture 1483113 già analizzata: Renaissance vs FC MK (totale 0 su 0, passa=False)
⚪ Fixture 1483145 già analizzata: AS New Soger vs Groupe Bazano (totale 0 su 0, passa=False)
⚪ Fixture 1483204 già analizzata: Etoile de Kivu vs Bukavu Dawa (totale 0 su 0, passa=False)
⚪ Fixture 1486046 già analizzata: Saint-Luc vs Blessing (totale 0 su 0, passa=False)
⚪ Fixture 1483114 già analizzata: Vita Club vs Rangers (totale 0 su 0, passa=False)
⚪ Fixture 1483115 già analizzata: Don Bosco vs TP Mazembe (totale 0 su 0, passa=False)
⚪ Fixture 1483116 già analizzata: Tanganyika vs Saint Eloi Lupopo (totale 0 su 0, passa=False)

🔍 Analizzo fixture id 1483126...
Partita: Sanga Balende vs CS Manika
Home team id: 8112, Away team id: 26886

Recupero ultime 7 partite del Sanga Balende...
⚠️ Limite piano API-Football (team 8112, season 2025): Free plans do not have access to this season, try from 2021 to 2023.
Trovate 0 partite.
Recupero ultime 7 partite del CS Manika...
⚠️ Limite piano API-Football (team 26886, season 2025): Free plans do not have access to this season, try from 2021 to 2023.
Trovate 0 partite.

Sanga Balende: 0 partite 0–0 o 1–1 su 0
CS Manika: 0 partite 0–0 o 1–1 su 0
Totale: 0 su 0
❌ La partita NON passa la regola 7 su 14.

🔍 Analizzo fixture id 1483163...
Partita: Maniema Union vs Martin Pêcheur
Home team id: 8064, Away team id: 26889

Recupero ultime 7 partite del Maniema Union...
⚠️ Limite piano API-Football (team 8064, season 2025): Free plans do not have access to this season, try from 2021 to 2023.
Trovate 0 partite.
Recupero ultime 7 partite del Martin Pêcheur...
⚠️ Limite piano API-Football (team 26889, season 2025): Free plans do not have access to this season, try from 2021 to 2023.
Trovate 0 partite.

Maniema Union: 0 partite 0–0 o 1–1 su 0
Martin Pêcheur: 0 partite 0–0 o 1–1 su 0
Totale: 0 su 0
❌ La partita NON passa la regola 7 su 14.

🔍 Analizzo fixture id 1483205...
Partita: JSK vs Motema Pembe
Home team id: 15286, Away team id: 8067

Recupero ultime 7 partite del JSK...
⚠️ Limite piano API-Football (team 15286, season 2025): Free plans do not have access to this season, try from 2021 to 2023.
Trovate 0 partite.
Recupero ultime 7 partite del Motema Pembe...
⚠️ Limite piano API-Football (team 8067, season 2025): Free plans do not have access to this season, try from 2021 to 2023.
Trovate 0 partite.

JSK: 0 partite 0–0 o 1–1 su 0
Motema Pembe: 0 partite 0–0 o 1–1 su 0
Totale: 0 su 0
❌ La partita NON passa la regola 7 su 14.
⚪ Fixture 1421111 già analizzata: Sokol Zápy vs Velké Hamry (totale 0 su 0, passa=False)

🔍 Analizzo fixture id 1380038...
Partita: Hobro vs Hvidovre
Home team id: 408, Away team id: 2072

Recupero ultime 7 partite del Hobro...
⚠️ Limite piano API-Football (team 408, season 2025): Free plans do not have access to this season, try from 2021 to 2023.
Trovate 0 partite.
Recupero ultime 7 partite del Hvidovre...
⚠️ Limite piano API-Football (team 2072, season 2025): Free plans do not have access to this season, try from 2021 to 2023.
Trovate 0 partite.

Hobro: 0 partite 0–0 o 1–1 su 0
Hvidovre: 0 partite 0–0 o 1–1 su 0
Totale: 0 su 0
❌ La partita NON passa la regola 7 su 14.

🔍 Analizzo fixture id 1440841...
Partita: El Dakhleya vs Olympic El Qanah
Home team id: 1032, Away team id: 13822

Recupero ultime 7 partite del El Dakhleya...
⚠️ Limite piano API-Football (team 1032, season 2025): Free plans do not have access to this season, try from 2021 to 2023.
Trovate 0 partite.
Recupero ultime 7 partite del Olympic El Qanah...
⚠️ Limite piano API-Football (team 13822, season 2025): Free plans do not have access to this season, try from 2021 to 2023.
Trovate 0 partite.

El Dakhleya: 0 partite 0–0 o 1–1 su 0
Olympic El Qanah: 0 partite 0–0 o 1–1 su 0
Totale: 0 su 0
❌ La partita NON passa la regola 7 su 14.

🔍 Analizzo fixture id 1440842...
Partita: Aswan Sc vs El Seka El Hadid
Home team id: 1048, Away team id: 18031

Recupero ultime 7 partite del Aswan Sc...
⚠️ Limite piano API-Football (team 1048, season 2025): Free plans do not have access to this season, try from 2021 to 2023.
Trovate 0 partite.
Recupero ultime 7 partite del El Seka El Hadid...
⚠️ Limite piano API-Football (team 18031, season 2025): Free plans do not have access to this season, try from 2021 to 2023.
Trovate 0 partite.

Aswan Sc: 0 partite 0–0 o 1–1 su 0
El Seka El Hadid: 0 partite 0–0 o 1–1 su 0
Totale: 0 su 0
❌ La partita NON passa la regola 7 su 14.

🔍 Analizzo fixture id 1440843...
Partita: Raya Ghazl vs Baladiyyat Al Mehalla
Home team id: 21304, Away team id: 18036

Recupero ultime 7 partite del Raya Ghazl...
⚠️ Limite piano API-Football (team 21304, season 2025): Free plans do not have access to this season, try from 2021 to 2023.
Trovate 0 partite.
Recupero ultime 7 partite del Baladiyyat Al Mehalla...
⚠️ Limite piano API-Football (team 18036, season 2025): Free plans do not have access to this season, try from 2021 to 2023.
Trovate 0 partite.

Raya Ghazl: 0 partite 0–0 o 1–1 su 0
Baladiyyat Al Mehalla: 0 partite 0–0 o 1–1 su 0
Totale: 0 su 0
❌ La partita NON passa la regola 7 su 14.

🔍 Analizzo fixture id 1440844...
Partita: La Viena FC vs Asyut Petrol
Home team id: 16436, Away team id: 18021

Recupero ultime 7 partite del La Viena FC...
⚠️ Limite piano API-Football (team 16436, season 2025): Free plans do not have access to this season, try from 2021 to 2023.
Trovate 0 partite.
Recupero ultime 7 partite del Asyut Petrol...
⚠️ Limite piano API-Football (team 18021, season 2025): Free plans do not have access to this season, try from 2021 to 2023.
Trovate 0 partite.

La Viena FC: 0 partite 0–0 o 1–1 su 0
Asyut Petrol: 0 partite 0–0 o 1–1 su 0
Totale: 0 su 0
❌ La partita NON passa la regola 7 su 14.

🔍 Analizzo fixture id 1440845...
Partita: Dayrout vs Abu Qair Semad
Home team id: 18022, Away team id: 15731

Recupero ultime 7 partite del Dayrout...
⚠️ Limite piano API-Football (team 18022, season 2025): Free plans do not have access to this season, try from 2021 to 2023.
Trovate 0 partite.
Recupero ultime 7 partite del Abu Qair Semad...
⚠️ Limite piano API-Football (team 15731, season 2025): Free plans do not have access to this season, try from 2021 to 2023.
Trovate 0 partite.

Dayrout: 0 partite 0–0 o 1–1 su 0
Abu Qair Semad: 0 partite 0–0 o 1–1 su 0
Totale: 0 su 0
❌ La partita NON passa la regola 7 su 14.

🔍 Analizzo fixture id 1445352...
Partita: Proxy vs El Entag EL Harby
Home team id: 20461, Away team id: 1034

Recupero ultime 7 partite del Proxy...
⚠️ Limite piano API-Football (team 20461, season 2025): Free plans do not have access to this season, try from 2021 to 2023.
Trovate 0 partite.
Recupero ultime 7 partite del El Entag EL Harby...
⚠️ Limite piano API-Football (team 1034, season 2025): Free plans do not have access to this season, try from 2021 to 2023.
Trovate 0 partite.

Proxy: 0 partite 0–0 o 1–1 su 0
El Entag EL Harby: 0 partite 0–0 o 1–1 su 0
Totale: 0 su 0
❌ La partita NON passa la regola 7 su 14.

🔍 Analizzo fixture id 1445353...
Partita: Maleyet Kafr El Zayiat vs Masar
Home team id: 25467, Away team id: 25468

Recupero ultime 7 partite del Maleyet Kafr El Zayiat...
⚠️ Limite piano API-Football (team 25467, season 2025): Free plans do not have access to this season, try from 2021 to 2023.
Trovate 0 partite.
Recupero ultime 7 partite del Masar...
⚠️ Limite piano API-Football (team 25468, season 2025): Free plans do not have access to this season, try from 2021 to 2023.
Trovate 0 partite.

Maleyet Kafr El Zayiat: 0 partite 0–0 o 1–1 su 0
Masar: 0 partite 0–0 o 1–1 su 0
Totale: 0 su 0
❌ La partita NON passa la regola 7 su 14.

🔍 Analizzo fixture id 1387301...
Partita: Peterborough vs Stockport County
Home team id: 1350, Away team id: 4686

Recupero ultime 7 partite del Peterborough...
⚠️ Limite piano API-Football (team 1350, season 2025): Free plans do not have access to this season, try from 2021 to 2023.
Trovate 0 partite.
Recupero ultime 7 partite del Stockport County...
⚠️ Limite piano API-Football (team 4686, season 2025): Free plans do not have access to this season, try from 2021 to 2023.
Trovate 0 partite.

Peterborough: 0 partite 0–0 o 1–1 su 0
Stockport County: 0 partite 0–0 o 1–1 su 0
Totale: 0 su 0
❌ La partita NON passa la regola 7 su 14.
⚪ Fixture 1483899 già analizzata: Malanti Chiefs vs Nsingizini Hotspurs (totale 0 su 0, passa=False)
⚪ Fixture 1483900 già analizzata: Tabankulu vs Young Buffaloes (totale 0 su 0, passa=False)
⚪ Fixture 1481752 già analizzata: Ezulwini United vs Royal Leopards (totale 0 su 0, passa=False)

🔍 Analizzo fixture id 1482183...
Partita: Sidama Bunna vs Mekelle Kenema
Home team id: 4123, Away team id: 4121

Recupero ultime 7 partite del Sidama Bunna...
⚠️ Limite piano API-Football (team 4123, season 2025): Free plans do not have access to this season, try from 2021 to 2023.
Trovate 0 partite.
Recupero ultime 7 partite del Mekelle Kenema...
⚠️ Limite piano API-Football (team 4121, season 2025): Free plans do not have access to this season, try from 2021 to 2023.
Trovate 0 partite.

Sidama Bunna: 0 partite 0–0 o 1–1 su 0
Mekelle Kenema: 0 partite 0–0 o 1–1 su 0
Totale: 0 su 0
❌ La partita NON passa la regola 7 su 14.

🔍 Analizzo fixture id 1482306...
Partita: Negelle Arsi vs Adama Kenema
Home team id: 26881, Away team id: 4110

Recupero ultime 7 partite del Negelle Arsi...
⚠️ Limite piano API-Football (team 26881, season 2025): Free plans do not have access to this season, try from 2021 to 2023.
Trovate 0 partite.
Recupero ultime 7 partite del Adama Kenema...
⚠️ Limite piano API-Football (team 4110, season 2025): Free plans do not have access to this season, try from 2021 to 2023.
Trovate 0 partite.

Negelle Arsi: 0 partite 0–0 o 1–1 su 0
Adama Kenema: 0 partite 0–0 o 1–1 su 0
Totale: 0 su 0
❌ La partita NON passa la regola 7 su 14.
⚪ Fixture 1421565 già analizzata: Strasbourg W vs Saint-Étienne W (totale 0 su 0, passa=False)

🔍 Analizzo fixture id 1347834...
Partita: Odishi 1919 vs Merani Tbilisi
Home team id: 13856, Away team id: 3508

Recupero ultime 7 partite del Odishi 1919...
⚠️ Limite piano API-Football (team 13856, season 2025): Free plans do not have access to this season, try from 2021 to 2023.
Trovate 0 partite.
Recupero ultime 7 partite del Merani Tbilisi...
⚠️ Limite piano API-Football (team 3508, season 2025): Free plans do not have access to this season, try from 2021 to 2023.
Trovate 0 partite.

Odishi 1919: 0 partite 0–0 o 1–1 su 0
Merani Tbilisi: 0 partite 0–0 o 1–1 su 0
Totale: 0 su 0
❌ La partita NON passa la regola 7 su 14.

🔍 Analizzo fixture id 1347835...
Partita: Gori vs Betlemi
Home team id: 14861, Away team id: 13860

Recupero ultime 7 partite del Gori...
⚠️ Limite piano API-Football (team 14861, season 2025): Free plans do not have access to this season, try from 2021 to 2023.
Trovate 0 partite.
Recupero ultime 7 partite del Betlemi...
⚠️ Limite piano API-Football (team 13860, season 2025): Free plans do not have access to this season, try from 2021 to 2023.
Trovate 0 partite.

Gori: 0 partite 0–0 o 1–1 su 0
Betlemi: 0 partite 0–0 o 1–1 su 0
Totale: 0 su 0
❌ La partita NON passa la regola 7 su 14.

🔍 Analizzo fixture id 1347837...
Partita: Kolkheti Khobi vs Gardabani
Home team id: 13853, Away team id: 13851

Recupero ultime 7 partite del Kolkheti Khobi...
⚠️ Limite piano API-Football (team 13853, season 2025): Free plans do not have access to this season, try from 2021 to 2023.
Trovate 0 partite.
Recupero ultime 7 partite del Gardabani...
⚠️ Limite piano API-Football (team 13851, season 2025): Free plans do not have access to this season, try from 2021 to 2023.
Trovate 0 partite.

Kolkheti Khobi: 0 partite 0–0 o 1–1 su 0
Gardabani: 0 partite 0–0 o 1–1 su 0
Totale: 0 su 0
❌ La partita NON passa la regola 7 su 14.

🔍 Analizzo fixture id 1347838...
Partita: WIT Georgia vs Varketili
Home team id: 3504, Away team id: 14866

Recupero ultime 7 partite del WIT Georgia...
⚠️ Limite piano API-Football (team 3504, season 2025): Free plans do not have access to this season, try from 2021 to 2023.
Trovate 0 partite.
Recupero ultime 7 partite del Varketili...
⚠️ Limite piano API-Football (team 14866, season 2025): Free plans do not have access to this season, try from 2021 to 2023.
Trovate 0 partite.

WIT Georgia: 0 partite 0–0 o 1–1 su 0
Varketili: 0 partite 0–0 o 1–1 su 0
Totale: 0 su 0
❌ La partita NON passa la regola 7 su 14.

🔍 Analizzo fixture id 1347841...
Partita: Margveti 2006 vs Didube 2014
Home team id: 16511, Away team id: 14857

Recupero ultime 7 partite del Margveti 2006...
⚠️ Limite piano API-Football (team 16511, season 2025): Free plans do not have access to this season, try from 2021 to 2023.
Trovate 0 partite.
Recupero ultime 7 partite del Didube 2014...
⚠️ Limite piano API-Football (team 14857, season 2025): Free plans do not have access to this season, try from 2021 to 2023.
Trovate 0 partite.

Margveti 2006: 0 partite 0–0 o 1–1 su 0
Didube 2014: 0 partite 0–0 o 1–1 su 0
Totale: 0 su 0
❌ La partita NON passa la regola 7 su 14.

🔍 Analizzo fixture id 1347836...
Partita: Irao vs Lokomotivi Tbilisi II
Home team id: 16507, Away team id: 18975

Recupero ultime 7 partite del Irao...
⚠️ Limite piano API-Football (team 16507, season 2025): Free plans do not have access to this season, try from 2021 to 2023.
Trovate 0 partite.
Recupero ultime 7 partite del Lokomotivi Tbilisi II...
⚠️ Limite piano API-Football (team 18975, season 2025): Free plans do not have access to this season, try from 2021 to 2023.
Trovate 0 partite.

Irao: 0 partite 0–0 o 1–1 su 0
Lokomotivi Tbilisi II: 0 partite 0–0 o 1–1 su 0
Totale: 0 su 0
❌ La partita NON passa la regola 7 su 14.

🔍 Analizzo fixture id 1347839...
Partita: Shturmi vs Borjomi
Home team id: 16516, Away team id: 13848

Recupero ultime 7 partite del Shturmi...
⚠️ Limite piano API-Football (team 16516, season 2025): Free plans do not have access to this season, try from 2021 to 2023.
Trovate 0 partite.
Recupero ultime 7 partite del Borjomi...
⚠️ Limite piano API-Football (team 13848, season 2025): Free plans do not have access to this season, try from 2021 to 2023.
Trovate 0 partite.

Shturmi: 0 partite 0–0 o 1–1 su 0
Borjomi: 0 partite 0–0 o 1–1 su 0
Totale: 0 su 0
❌ La partita NON passa la regola 7 su 14.
⚪ Fixture 1407272 già analizzata: Eintracht Stadtallendorf vs Weidenhausen (totale 0 su 0, passa=False)
⚪ Fixture 1406782 già analizzata: Tennis Borussia vs Hansa Rostock II (totale 0 su 0, passa=False)
⚪ Fixture 1468522 già analizzata: Asante Kotoko vs Young Apostles (totale 0 su 0, passa=False)

🔍 Analizzo fixture id 1403670...
Partita: Persijap vs Semen Padang
Home team id: 11132, Away team id: 2456

Recupero ultime 7 partite del Persijap...
⚠️ Limite piano API-Football (team 11132, season 2025): Free plans do not have access to this season, try from 2021 to 2023.
Trovate 0 partite.
Recupero ultime 7 partite del Semen Padang...
⚠️ Limite piano API-Football (team 2456, season 2025): Free plans do not have access to this season, try from 2021 to 2023.
Trovate 0 partite.

Persijap: 0 partite 0–0 o 1–1 su 0
Semen Padang: 0 partite 0–0 o 1–1 su 0
Totale: 0 su 0
❌ La partita NON passa la regola 7 su 14.

🔍 Analizzo fixture id 1403671...
Partita: Persija vs Persik Kediri
Home team id: 10134, Away team id: 4241

Recupero ultime 7 partite del Persija...
⚠️ Limite piano API-Football (team 10134, season 2025): Free plans do not have access to this season, try from 2021 to 2023.
Trovate 0 partite.
Recupero ultime 7 partite del Persik Kediri...
⚠️ Limite piano API-Football (team 4241, season 2025): Free plans do not have access to this season, try from 2021 to 2023.
Trovate 0 partite.

Persija: 0 partite 0–0 o 1–1 su 0
Persik Kediri: 0 partite 0–0 o 1–1 su 0
Totale: 0 su 0
❌ La partita NON passa la regola 7 su 14.
⚪ Fixture 1470501 già analizzata: Persekat vs Garudayaksa (totale 0 su 0, passa=False)
⚪ Fixture 1470502 già analizzata: Sriwijaya FC vs Persikad Depok FC (totale 0 su 0, passa=False)
⚪ Fixture 1470503 già analizzata: PSMS Medan vs PSPS (totale 0 su 0, passa=False)

🔍 Analizzo fixture id 1486734...
Partita: Al Shorta vs Al Karkh
Home team id: 5242, Away team id: 15544

Recupero ultime 7 partite del Al Shorta...
⚠️ Limite piano API-Football (team 5242, season 2025): Free plans do not have access to this season, try from 2021 to 2023.
Trovate 0 partite.
Recupero ultime 7 partite del Al Karkh...
⚠️ Limite piano API-Football (team 15544, season 2025): Free plans do not have access to this season, try from 2021 to 2023.
Trovate 0 partite.

Al Shorta: 0 partite 0–0 o 1–1 su 0
Al Karkh: 0 partite 0–0 o 1–1 su 0
Totale: 0 su 0
❌ La partita NON passa la regola 7 su 14.
⚪ Fixture 1485659 già analizzata: ES Agboville vs Stade d'Abidjan (totale 0 su 0, passa=False)
⚪ Fixture 1470608 già analizzata: APS Bomet vs Ulinzi Stars (totale 0 su 0, passa=False)

🔍 Analizzo fixture id 1486110...
Partita: Grobiņa vs JDFS Alberts
Home team id: 4138, Away team id: 4139

Recupero ultime 7 partite del Grobiņa...
⚠️ Limite piano API-Football (team 4138, season 2025): Free plans do not have access to this season, try from 2021 to 2023.
Trovate 0 partite.
Recupero ultime 7 partite del JDFS Alberts...
⚠️ Limite piano API-Football (team 4139, season 2025): Free plans do not have access to this season, try from 2021 to 2023.
Trovate 0 partite.

Grobiņa: 0 partite 0–0 o 1–1 su 0
JDFS Alberts: 0 partite 0–0 o 1–1 su 0
Totale: 0 su 0
❌ La partita NON passa la regola 7 su 14.

🔍 Analizzo fixture id 1486327...
Partita: Sveikata vs FA Šiauliai II
Home team id: 14388, Away team id: 18840

Recupero ultime 7 partite del Sveikata...
⚠️ Limite piano API-Football (team 14388, season 2025): Free plans do not have access to this season, try from 2021 to 2023.
Trovate 0 partite.
Recupero ultime 7 partite del FA Šiauliai II...
⚠️ Limite piano API-Football (team 18840, season 2025): Free plans do not have access to this season, try from 2021 to 2023.
Trovate 0 partite.

Sveikata: 0 partite 0–0 o 1–1 su 0
FA Šiauliai II: 0 partite 0–0 o 1–1 su 0
Totale: 0 su 0
❌ La partita NON passa la regola 7 su 14.
⚪ Fixture 1365389 già analizzata: Creck vs Karonga United (totale 0 su 0, passa=False)
⚪ Fixture 1365395 già analizzata: Mighty Tigers vs Kamuzu Barracks (totale 0 su 0, passa=False)
⚪ Fixture 1365444 già analizzata: Songwe Border United vs Ekwendeni Hammers (totale 0 su 0, passa=False)
⚪ Fixture 1366131 già analizzata: MAFCO vs Blue Eagles (totale 0 su 0, passa=False)
⚪ Fixture 1486723 già analizzata: Chemal vs Gendrim (totale 0 su 0, passa=False)
⚪ Fixture 1486724 già analizzata: Nouadhibou vs Kaédi (totale 0 su 0, passa=False)
⚪ Fixture 1486725 già analizzata: SNIM vs Ksar (totale 0 su 0, passa=False)

🔍 Analizzo fixture id 1486726...
Partita: Pompiers vs AC Douane
Home team id: 21987, Away team id: 17924

Recupero ultime 7 partite del Pompiers...
⚠️ Limite piano API-Football (team 21987, season 2025): Free plans do not have access to this season, try from 2021 to 2023.
Trovate 0 partite.
Recupero ultime 7 partite del AC Douane...
⚠️ Limite piano API-Football (team 17924, season 2025): Free plans do not have access to this season, try from 2021 to 2023.
Trovate 0 partite.

Pompiers: 0 partite 0–0 o 1–1 su 0
AC Douane: 0 partite 0–0 o 1–1 su 0
Totale: 0 su 0
❌ La partita NON passa la regola 7 su 14.
⚪ Fixture 1485945 già analizzata: Guadalajara Chivas U21 vs Tigres UANL U21 (totale 0 su 0, passa=False)
⚪ Fixture 1485947 già analizzata: Toluca U21 vs Cruz Azul U21 (totale 0 su 0, passa=False)
⚪ Fixture 1485948 già analizzata: UNAM Pumas U21 vs Pachuca U21 (totale 0 su 0, passa=False)
⚪ Fixture 1485946 già analizzata: Juarez U21 vs Santos Laguna U21 (totale 0 su 0, passa=False)

🔍 Analizzo fixture id 1486715...
Partita: Monarcas vs Irapuato
Home team id: 2284, Away team id: 15932

Recupero ultime 7 partite del Monarcas...
⚠️ Limite piano API-Football (team 2284, season 2025): Free plans do not have access to this season, try from 2021 to 2023.
Trovate 0 partite.
Recupero ultime 7 partite del Irapuato...
⚠️ Limite piano API-Football (team 15932, season 2025): Free plans do not have access to this season, try from 2021 to 2023.
Trovate 0 partite.

Monarcas: 0 partite 0–0 o 1–1 su 0
Irapuato: 0 partite 0–0 o 1–1 su 0
Totale: 0 su 0
❌ La partita NON passa la regola 7 su 14.
⚪ Fixture 1445617 già analizzata: Remo Stars vs Kano Pillars (totale 0 su 0, passa=False)
⚪ Fixture 1445623 già analizzata: Barau FC vs Rivers United (totale 0 su 0, passa=False)
⚪ Fixture 1486351 già analizzata: Åsane W vs Røa W (totale 0 su 14, passa=False)
⚪ Fixture 1484879 già analizzata: GKS Katowice W vs Pogon Tczew W (totale 0 su 14, passa=False)
⚪ Fixture 1423928 già analizzata: Farense U23 vs Estrela U23 (totale 0 su 14, passa=False)

🔍 Analizzo fixture id 1418304...
Partita: Concordia vs Bihor Oradea
Home team id: 2580, Away team id: 20033

Recupero ultime 7 partite del Concordia...
⚠️ Limite piano API-Football (team 2580, season 2025): Free plans do not have access to this season, try from 2021 to 2023.
Trovate 0 partite.
Recupero ultime 7 partite del Bihor Oradea...
⚠️ Limite piano API-Football (team 20033, season 2025): Free plans do not have access to this season, try from 2021 to 2023.
Trovate 0 partite.

Concordia: 0 partite 0–0 o 1–1 su 0
Bihor Oradea: 0 partite 0–0 o 1–1 su 0
Totale: 0 su 0
❌ La partita NON passa la regola 7 su 14.
⚪ Fixture 1379748 già analizzata: Lossiemouth vs Nairn County (totale 0 su 0, passa=False)
⚪ Fixture 1379762 già analizzata: Brora Rangers vs Clachnacuddin (totale 0 su 0, passa=False)
⚪ Fixture 1379763 già analizzata: Forres Mechanics vs Deveronvale (totale 0 su 0, passa=False)
⚪ Fixture 1379797 già analizzata: Brechin vs Keith (totale 0 su 0, passa=False)
⚪ Fixture 1379798 già analizzata: Buckie Thistle vs Turriff United (totale 0 su 0, passa=False)
⚪ Fixture 1436396 già analizzata: Slovan Bratislava W vs Spartak Myjava W (totale 0 su 0, passa=False)
⚪ Fixture 1433194 già analizzata: CD Coria vs Orihuela (totale 0 su 0, passa=False)
⚪ Fixture 1458567 già analizzata: Revilla vs Colindres (totale 0 su 0, passa=False)

🔍 Analizzo fixture id 1486701...
Partita: KIF Örebro vs Brommapojkarna W
Home team id: 11078, Away team id: 16004

Recupero ultime 7 partite del KIF Örebro...
⚠️ Limite piano API-Football (team 11078, season 2025): Free plans do not have access to this season, try from 2021 to 2023.
Trovate 0 partite.
Recupero ultime 7 partite del Brommapojkarna W...
⚠️ Limite piano API-Football (team 16004, season 2025): Free plans do not have access to this season, try from 2021 to 2023.
Trovate 0 partite.

KIF Örebro: 0 partite 0–0 o 1–1 su 0
Brommapojkarna W: 0 partite 0–0 o 1–1 su 0
Totale: 0 su 0
❌ La partita NON passa la regola 7 su 14.

🔍 Analizzo fixture id 1485780...
Partita: Hammarby Talang vs Orebro SK
Home team id: 16596, Away team id: 365

Recupero ultime 7 partite del Hammarby Talang...
⚠️ Limite piano API-Football (team 16596, season 2025): Free plans do not have access to this season, try from 2021 to 2023.
Trovate 0 partite.
Recupero ultime 7 partite del Orebro SK...
⚠️ Limite piano API-Football (team 365, season 2025): Free plans do not have access to this season, try from 2021 to 2023.
Trovate 0 partite.

Hammarby Talang: 0 partite 0–0 o 1–1 su 0
Orebro SK: 0 partite 0–0 o 1–1 su 0
Totale: 0 su 0
❌ La partita NON passa la regola 7 su 14.

🔍 Analizzo fixture id 1485781...
Partita: Norrby IF vs Utsikten
Home team id: 2173, Away team id: 6706

Recupero ultime 7 partite del Norrby IF...
⚠️ Limite piano API-Football (team 2173, season 2025): Free plans do not have access to this season, try from 2021 to 2023.
Trovate 0 partite.
Recupero ultime 7 partite del Utsikten...
⚠️ Limite piano API-Football (team 6706, season 2025): Free plans do not have access to this season, try from 2021 to 2023.
Trovate 0 partite.

Norrby IF: 0 partite 0–0 o 1–1 su 0
Utsikten: 0 partite 0–0 o 1–1 su 0
Totale: 0 su 0
❌ La partita NON passa la regola 7 su 14.
⚪ Fixture 1430279 già analizzata: La Sarraz-Eclépens vs Sion II (totale 0 su 0, passa=False)
⚪ Fixture 1430273 già analizzata: Portalban / Gletterens vs Chênois (totale 0 su 0, passa=False)
⚪ Fixture 1483546 già analizzata: San Juan Jabloteh vs Phoenix (totale 0 su 0, passa=False)
⚪ Fixture 1483547 già analizzata: Ath­let­ic Club vs Police (totale 0 su 0, passa=False)
⚪ Fixture 1483548 già analizzata: Cunupia vs Prison Service (totale 0 su 0, passa=False)
⚪ Fixture 1483549 già analizzata: La Horquetta Rangers vs Club Sando (totale 0 su 0, passa=False)
⚪ Fixture 1483550 già analizzata: Central vs Morvant Caledonia United (totale 0 su 0, passa=False)
⚪ Fixture 1483551 già analizzata: Defence Force vs Point Fortin (totale 0 su 0, passa=False)
⚪ Fixture 1476704 già analizzata: Calvary vs UPDF (totale 0 su 0, passa=False)
⚪ Fixture 1476763 già analizzata: Entebbe UPPC vs Police (totale 0 su 0, passa=False)

🔍 Analizzo fixture id 1476705...
Partita: Kitara vs BUL
Home team id: 15562, Away team id: 12449

Recupero ultime 7 partite del Kitara...
⚠️ Errore di rete chiamando /leagues (league 585): HTTPSConnectionPool(host='v3.football.api-sports.io', port=443): Max retries exceeded with url: /leagues?id=585 (Caused by NameResolutionError("<urllib3.connection.HTTPSConnection object at 0x75d91a30>: Failed to resolve 'v3.football.api-sports.io' ([Errno -3] Temporary failure in name resolution)"))
⚠️ Nessuna informazione di league per id 585.
Trovate 0 partite.
Recupero ultime 7 partite del BUL...
Trovate 0 partite.

Kitara: 0 partite 0–0 o 1–1 su 0
BUL: 0 partite 0–0 o 1–1 su 0
Totale: 0 su 0
❌ La partita NON passa la regola 7 su 14.

🔍 Analizzo fixture id 1476706...
Partita: Lugazi vs Express
Home team id: 24776, Away team id: 12452

Recupero ultime 7 partite del Lugazi...
Trovate 0 partite.
Recupero ultime 7 partite del Express...
Trovate 0 partite.

Lugazi: 0 partite 0–0 o 1–1 su 0
Express: 0 partite 0–0 o 1–1 su 0
Totale: 0 su 0
❌ La partita NON passa la regola 7 su 14.

🔍 Analizzo fixture id 1476708...
Partita: SC Villa vs NEC
Home team id: 12457, Away team id: 22699

Recupero ultime 7 partite del SC Villa...
Trovate 0 partite.
Recupero ultime 7 partite del NEC...
Trovate 0 partite.

SC Villa: 0 partite 0–0 o 1–1 su 0
NEC: 0 partite 0–0 o 1–1 su 0
Totale: 0 su 0
❌ La partita NON passa la regola 7 su 14.

🔍 Analizzo fixture id 1421689...
Partita: SK Poltava U19 vs LNZ Cherkasy U19
Home team id: 26237, Away team id: 23077

Recupero ultime 7 partite del SK Poltava U19...
⚠️ Limite piano API-Football (team 26237, season 2025): Free plans do not have access to this season, try from 2021 to 2023.
Trovate 0 partite.
Recupero ultime 7 partite del LNZ Cherkasy U19...
⚠️ Limite piano API-Football (team 23077, season 2025): Free plans do not have access to this season, try from 2021 to 2023.
Trovate 0 partite.

SK Poltava U19: 0 partite 0–0 o 1–1 su 0
LNZ Cherkasy U19: 0 partite 0–0 o 1–1 su 0
Totale: 0 su 0
❌ La partita NON passa la regola 7 su 14.

🔍 Analizzo fixture id 1481739...
Partita: Khorfakkan vs Shabab Al Ahli Dubai
Home team id: 4912, Away team id: 2870

Recupero ultime 7 partite del Khorfakkan...
⚠️ Limite piano API-Football (team 4912, season 2025): Free plans do not have access to this season, try from 2021 to 2023.
Trovate 0 partite.
Recupero ultime 7 partite del Shabab Al Ahli Dubai...
⚠️ Limite piano API-Football (team 2870, season 2025): Free plans do not have access to this season, try from 2021 to 2023.
Trovate 0 partite.

Khorfakkan: 0 partite 0–0 o 1–1 su 0
Shabab Al Ahli Dubai: 0 partite 0–0 o 1–1 su 0
Totale: 0 su 0
❌ La partita NON passa la regola 7 su 14.
⚪ Fixture 1400383 già analizzata: Shortan vs Buxoro (totale 0 su 0, passa=False)

🔍 Analizzo fixture id 1400377...
Partita: Surkhon vs Olmaliq
Home team id: 4225, Away team id: 4219

Recupero ultime 7 partite del Surkhon...
⚠️ Limite piano API-Football (team 4225, season 2025): Free plans do not have access to this season, try from 2021 to 2023.
Trovate 0 partite.
Recupero ultime 7 partite del Olmaliq...
⚠️ Limite piano API-Football (team 4219, season 2025): Free plans do not have access to this season, try from 2021 to 2023.
Trovate 0 partite.

Surkhon: 0 partite 0–0 o 1–1 su 0
Olmaliq: 0 partite 0–0 o 1–1 su 0
Totale: 0 su 0
❌ La partita NON passa la regola 7 su 14.

🔍 Analizzo fixture id 1400381...
Partita: Pakhtakor vs Nasaf
Home team id: 4220, Away team id: 4215

Recupero ultime 7 partite del Pakhtakor...
⚠️ Limite piano API-Football (team 4220, season 2025): Free plans do not have access to this season, try from 2021 to 2023.
Trovate 0 partite.
Recupero ultime 7 partite del Nasaf...
⚠️ Limite piano API-Football (team 4215, season 2025): Free plans do not have access to this season, try from 2021 to 2023.
Trovate 0 partite.

Pakhtakor: 0 partite 0–0 o 1–1 su 0
Nasaf: 0 partite 0–0 o 1–1 su 0
Totale: 0 su 0
❌ La partita NON passa la regola 7 su 14.
⚪ Fixture 1395491 già analizzata: Caerau (Ely) vs Trefelin (totale 0 su 0, passa=False)

==============================
Partite che PASSANO la regola 7 su 14 (0–0 / 1–1): 0

Salvate 0 partite che passano 7/14 in passed_fixtures_stats.json
Salvato riepilogo statistico in stats_summary.json
Partite con statistiche OK (7/14) da controllare con le quote: 0
📊 Metodo 0-0 migliorato
19/11/2025, 09:04

📅 Date analizzate:
da oggi al 25/11/2025
🌍 Campionati coinvolti (60):
• Algeria - Ligue 1
• Algeria - Ligue 2
• Argentina - Reserve League
• Armenia - First League
• Aruba - Division di Honor
• Azerbaijan - Birinci Dasta
• Belarus - 1. Division
• Bosnia - 1st League - RS
• Botswana - Premier League
• Brazil - Paraense A3
• Brazil - Serie A
• Brazil - Serie B
• Burkina-Faso - Ligue 1
• Cambodia - C-League
• Chile - Primera División
• Colombia - Primera A
• Colombia - Primera B
• Congo-DR - Ligue 1
• Czech-Republic - 3. liga - CFL B
• Denmark - 1. Division
• Egypt - Second League
• England - League One
• Eswatini - Premier League
• Ethiopia - Premier League
• France - Feminine Division 1
• Georgia - Liga 3
• Germany - Oberliga - Hessen
• Germany - Oberliga - Nordost-Nord
• Ghana - Premier League
• Indonesia - Liga 1
• Indonesia - Liga 2
• Iraq - Iraqi League
• Ivory-Coast - Ligue 1
• Kenya - FKF Premier League
• Latvia - Virsliga
• Lithuania - 1 Lyga
• Malawi - Super League
• Mauritania - Premier League
• Mexico - Liga MX U21
• Mexico - Liga de Expansión MX
• Nigeria - NPFL
• Norway - Toppserien
• Paraguay - Division Profesional - Clausura
• Peru - Primera División
• Poland - Ekstraliga Women
• Portugal - Liga Revelação U23
• Romania - Liga II
• Scotland - Football League - Highland League
• Slovakia - I Liga - Women
• Spain - Segunda División RFEF - Group 5
• Spain - Tercera División RFEF - Group 3
• Sweden - Damallsvenskan
• Sweden - Superettan
• Switzerland - 1. Liga Classic - Group 1
• Trinidad-And-Tobago - Pro League
• Uganda - Premier League
• Ukraine - U19 League
• United-Arab-Emirates - Pro League
• Uzbekistan - Super League
• Wales - FAW Championship
🏟 Partite analizzate: 138

✅ Ultime partite con almeno sette 0-0 o 1-1: 0

*Oggi non ho segnalazioni da darvi, vi chiedo scusa*
[Thu 20 Nov 14:59:49 CET 2025] Pipeline calcio, tentativo 1
[Thu 20 Nov 15:00:14 CET 2025] Pipeline completata con successo
[Thu 20 Nov 15:37:36 CET 2025] Pipeline calcio, tentativo 1
[Thu 20 Nov 15:37:44 CET 2025] Pipeline completata con successo
[Thu 20 Nov 16:27:01 CET 2025] Pipeline calcio, tentativo 1
[Thu 20 Nov 16:27:19 CET 2025] Pipeline completata con successo
[Thu 20 Nov 16:36:40 CET 2025] Pipeline calcio, tentativo 1
[Thu 20 Nov 16:36:58 CET 2025] Pipeline completata con successo
[Thu 20 Nov 16:46:07 CET 2025] Pipeline calcio, tentativo 1
[Thu 20 Nov 16:46:13 CET 2025] Pipeline completata con successo
[Thu 20 Nov 17:13:54 CET 2025] Pipeline calcio, tentativo 1
[Thu 20 Nov 17:14:01 CET 2025] Pipeline completata con successo
[Thu 20 Nov 17:16:01 CET 2025] Pipeline calcio, tentativo 1
[Thu 20 Nov 17:16:08 CET 2025] Pipeline completata con successo
[Thu 20 Nov 17:18:55 CET 2025] Pipeline calcio, tentativo 1
[Thu 20 Nov 17:19:04 CET 2025] Pipeline completata con successo
[Thu 20 Nov 17:21:23 CET 2025] Pipeline calcio, tentativo 1
[Thu 20 Nov 17:21:33 CET 2025] Pipeline completata con successo
[Mon 15 Dec 14:30:35 CET 2025] Pipeline calcio, tentativo 1
[Mon 15 Dec 14:39:51 CET 2025] Pipeline completata con successo
[Mon 15 Dec 15:10:58 CET 2025] Pipeline calcio, tentativo 1
[Mon 15 Dec 15:17:03 CET 2025] Pipeline completata con successo
[Mon 15 Dec 17:22:57 CET 2025] Pipeline calcio, tentativo 1
[Mon 15 Dec 17:23:01 CET 2025] Pipeline fallita (tentativo 1)
[Mon 15 Dec 17:27:01 CET 2025] Pipeline calcio, tentativo 1
[Mon 15 Dec 17:27:09 CET 2025] Pipeline completata con successo
[Mon 15 Dec 17:32:54 CET 2025] Pipeline calcio, tentativo 1
[Mon 15 Dec 17:33:03 CET 2025] Pipeline completata con successo
